src/screens/HomeScreen.tsx(80,25): error TS2719: Type 'Product' is not assignable to type 'Product'. Two different types with this name exist, but they are unrelated.
  Types of property 'id' are incompatible.
    Type 'number' is not assignable to type 'string'.
src/screens/ProductsScreen.tsx(24,25): error TS2719: Type 'Product' is not assignable to type 'Product'. Two different types with this name exist, but they are unrelated.
  Types of property 'id' are incompatible.
    Type 'number' is not assignable to type 'string'.
